# serializer version: 1
# name: test_graph_sequence
  '''
              +-------------+              
              | PromptInput |              
              +-------------+              
                      *                    
                      *                    
                      *                    
             +----------------+            
             | PromptTemplate |            
             +----------------+            
                      *                    
                      *                    
                      *                    
              +-------------+              
              | FakeListLLM |              
              +-------------+              
                      *                    
                      *                    
                      *                    
     +--------------------------------+    
     | CommaSeparatedListOutputParser |    
     +--------------------------------+    
                      *                    
                      *                    
                      *                    
  +--------------------------------------+ 
  | CommaSeparatedListOutputParserOutput | 
  +--------------------------------------+ 
  '''
# ---
# name: test_graph_sequence_map
  '''
                                           +-------------+                                              
                                           | PromptInput |                                              
                                           +-------------+                                              
                                                  *                                                     
                                                  *                                                     
                                                  *                                                     
                                          +----------------+                                            
                                          | PromptTemplate |                                            
                                          +----------------+                                            
                                                  *                                                     
                                                  *                                                     
                                                  *                                                     
                                           +-------------+                                              
                                           | FakeListLLM |                                              
                                           +-------------+                                              
                                                  *                                                     
                                                  *                                                     
                                                  *                                                     
                                      +-----------------------+                                         
                                      | RunnableParallelInput |                                         
                                      +-----------------------+**                                       
                                      ****                       *******                                
                                  ****                                  *****                           
                                **                                           *******                    
                 +---------------------+                                            ***                 
                 | RunnableLambdaInput |                                              *                 
                 +---------------------+                                              *                 
                   ***              ***                                               *                 
                ***                    ***                                            *                 
              **                          **                                          *                 
  +-----------------+               +-----------------+                               *                 
  | StrOutputParser |               | XMLOutputParser |                               *                 
  +-----------------+               +-----------------+                               *                 
                   ***              ***                                               *                 
                      ***        ***                                                  *                 
                         **    **                                                     *                 
                +----------------------+                            +--------------------------------+  
                | RunnableLambdaOutput |                            | CommaSeparatedListOutputParser |  
                +----------------------+                            +--------------------------------+  
                                      ****                       *******                                
                                          ****              *****                                       
                                              **        ****                                            
                                      +------------------------+                                        
                                      | RunnableParallelOutput |                                        
                                      +------------------------+                                        
  '''
# ---
# name: test_graph_single_runnable
  '''
  +----------------------+   
  | StrOutputParserInput |   
  +----------------------+   
              *              
              *              
              *              
     +-----------------+     
     | StrOutputParser |     
     +-----------------+     
              *              
              *              
              *              
  +-----------------------+  
  | StrOutputParserOutput |  
  +-----------------------+  
  '''
# ---
